policy:approve  ->  policy.record.approve   (2 files)
exception:write  ->  exceptions.record.write   (1 files)
exception:approve  ->  exceptions.record.approve   (1 files)
risk:write  ->  risk.record.write   (2 files)
risk:delete  ->  risk.record.delete   (1 files)
risk:approve  ->  risk.record.approve   (3 files)
qiyas:write  ->  qiyas.record.write   (1 files)
qiyas:delete  ->  qiyas.record.delete   (1 files)
qiyas:manage  ->  qiyas.record.manage   (1 files)
qiyas:approve  ->  qiyas.record.approve   (1 files)
qiyas:read  ->  qiyas.record.read   (1 files)
remediation:write  ->  issues.record.write   (1 files)
remediation:delete  ->  issues.record.delete   (1 files)
incident:write  ->  incident.record.write   (1 files)
incident:delete  ->  incident.record.delete   (1 files)
compliance:write  ->  compliance.record.write   (1 files)
compliance:delete  ->  compliance.record.delete   (2 files)
compliance:manage  ->  compliance.record.manage   (1 files)
compliance:approve  ->  compliance.record.approve   (1 files)
compliance:read  ->  compliance.record.read   (1 files)
evidence:manage  ->  evidence.record.manage   (2 files)
agent:manage  ->  ai_governance.record.manage   (2 files)
agent:read  ->  ai_governance.record.read   (2 files)
access:manage  ->  foundation.record.manage   (2 files)
access:read  ->  foundation.record.read   (2 files)
TOTAL files affected: 35  (APPLY=0)
